=== relaunched after container reboot Sat Oct  3 11:32:51 UTC 2026 ===
=== relaunched with resume support Sat Oct  3 13:04:56 UTC 2026 ===
=== relaunched after container reboot Sat Oct  3 14:07:19 UTC 2026 (resuming from snapshots) ===
=== relaunched after container reboot Sat Oct  3 15:10:32 UTC 2026 (resuming from snapshots) ===
Running HiGHS 1.12.0 (git hash: 755a8e02): Copyright (c) 2025 HiGHS under MIT licence terms
Running HiGHS 1.12.0 (git hash: 755a8e02): Copyright (c) 2025 HiGHS under MIT licence terms
Running HiGHS 1.12.0 (git hash: 755a8e02): Copyright (c) 2025 HiGHS under MIT licence terms
Running HiGHS 1.12.0 (git hash: 755a8e02): Copyright (c) 2025 HiGHS under MIT licence terms
Running HiGHS 1.12.0 (git hash: 755a8e02): Copyright (c) 2025 HiGHS under MIT licence terms
Running HiGHS 1.12.0 (git hash: 755a8e02): Copyright (c) 2025 HiGHS under MIT licence terms
Running HiGHS 1.12.0 (git hash: 755a8e02): Copyright (c) 2025 HiGHS under MIT licence terms
Running HiGHS 1.12.0 (git hash: 755a8e02): Copyright (c) 2025 HiGHS under MIT licence terms
Running HiGHS 1.12.0 (git hash: 755a8e02): Copyright (c) 2025 HiGHS under MIT licence terms
Running HiGHS 1.12.0 (git hash: 755a8e02): Copyright (c) 2025 HiGHS under MIT licence terms
Running HiGHS 1.12.0 (git hash: 755a8e02): Copyright (c) 2025 HiGHS under MIT licence terms
Running HiGHS 1.12.0 (git hash: 755a8e02): Copyright (c) 2025 HiGHS under MIT licence terms
Running HiGHS 1.12.0 (git hash: 755a8e02): Copyright (c) 2025 HiGHS under MIT licence terms
Running HiGHS 1.12.0 (git hash: 755a8e02): Copyright (c) 2025 HiGHS under MIT licence terms
Running HiGHS 1.12.0 (git hash: 755a8e02): Copyright (c) 2025 HiGHS under MIT licence terms
Running HiGHS 1.12.0 (git hash: 755a8e02): Copyright (c) 2025 HiGHS under MIT licence terms
Running HiGHS 1.12.0 (git hash: 755a8e02): Copyright (c) 2025 HiGHS under MIT licence terms
Running HiGHS 1.12.0 (git hash: 755a8e02): Copyright (c) 2025 HiGHS under MIT licence terms
Running HiGHS 1.12.0 (git hash: 755a8e02): Copyright (c) 2025 HiGHS under MIT licence terms
Running HiGHS 1.12.0 (git hash: 755a8e02): Copyright (c) 2025 HiGHS under MIT licence terms
Running HiGHS 1.12.0 (git hash: 755a8e02): Copyright (c) 2025 HiGHS under MIT licence terms
Running HiGHS 1.12.0 (git hash: 755a8e02): Copyright (c) 2025 HiGHS under MIT licence terms
Running HiGHS 1.12.0 (git hash: 755a8e02): Copyright (c) 2025 HiGHS under MIT licence terms
Running HiGHS 1.12.0 (git hash: 755a8e02): Copyright (c) 2025 HiGHS under MIT licence terms
Running HiGHS 1.12.0 (git hash: 755a8e02): Copyright (c) 2025 HiGHS under MIT licence terms
Running HiGHS 1.12.0 (git hash: 755a8e02): Copyright (c) 2025 HiGHS under MIT licence terms
Running HiGHS 1.12.0 (git hash: 755a8e02): Copyright (c) 2025 HiGHS under MIT licence terms
Running HiGHS 1.12.0 (git hash: 755a8e02): Copyright (c) 2025 HiGHS under MIT licence terms
Running HiGHS 1.12.0 (git hash: 755a8e02): Copyright (c) 2025 HiGHS under MIT licence terms
Running HiGHS 1.12.0 (git hash: 755a8e02): Copyright (c) 2025 HiGHS under MIT licence terms
Running HiGHS 1.12.0 (git hash: 755a8e02): Copyright (c) 2025 HiGHS under MIT licence terms
Running HiGHS 1.12.0 (git hash: 755a8e02): Copyright (c) 2025 HiGHS under MIT licence terms
Running HiGHS 1.12.0 (git hash: 755a8e02): Copyright (c) 2025 HiGHS under MIT licence terms
Running HiGHS 1.12.0 (git hash: 755a8e02): Copyright (c) 2025 HiGHS under MIT licence terms
Running HiGHS 1.12.0 (git hash: 755a8e02): Copyright (c) 2025 HiGHS under MIT licence terms
Running HiGHS 1.12.0 (git hash: 755a8e02): Copyright (c) 2025 HiGHS under MIT licence terms
Running HiGHS 1.12.0 (git hash: 755a8e02): Copyright (c) 2025 HiGHS under MIT licence terms
Running HiGHS 1.12.0 (git hash: 755a8e02): Copyright (c) 2025 HiGHS under MIT licence terms
Running HiGHS 1.12.0 (git hash: 755a8e02): Copyright (c) 2025 HiGHS under MIT licence terms
Running HiGHS 1.12.0 (git hash: 755a8e02): Copyright (c) 2025 HiGHS under MIT licence terms
Running HiGHS 1.12.0 (git hash: 755a8e02): Copyright (c) 2025 HiGHS under MIT licence terms
Running HiGHS 1.12.0 (git hash: 755a8e02): Copyright (c) 2025 HiGHS under MIT licence terms
Running HiGHS 1.12.0 (git hash: 755a8e02): Copyright (c) 2025 HiGHS under MIT licence terms
Running HiGHS 1.12.0 (git hash: 755a8e02): Copyright (c) 2025 HiGHS under MIT licence terms
Running HiGHS 1.12.0 (git hash: 755a8e02): Copyright (c) 2025 HiGHS under MIT licence terms
Running HiGHS 1.12.0 (git hash: 755a8e02): Copyright (c) 2025 HiGHS under MIT licence terms
Running HiGHS 1.12.0 (git hash: 755a8e02): Copyright (c) 2025 HiGHS under MIT licence terms
Running HiGHS 1.12.0 (git hash: 755a8e02): Copyright (c) 2025 HiGHS under MIT licence terms
Running HiGHS 1.12.0 (git hash: 755a8e02): Copyright (c) 2025 HiGHS under MIT licence terms
Running HiGHS 1.12.0 (git hash: 755a8e02): Copyright (c) 2025 HiGHS under MIT licence terms
Running HiGHS 1.12.0 (git hash: 755a8e02): Copyright (c) 2025 HiGHS under MIT licence terms
Running HiGHS 1.12.0 (git hash: 755a8e02): Copyright (c) 2025 HiGHS under MIT licence terms
Running HiGHS 1.12.0 (git hash: 755a8e02): Copyright (c) 2025 HiGHS under MIT licence terms
Running HiGHS 1.12.0 (git hash: 755a8e02): Copyright (c) 2025 HiGHS under MIT licence terms
Running HiGHS 1.12.0 (git hash: 755a8e02): Copyright (c) 2025 HiGHS under MIT licence terms
Running HiGHS 1.12.0 (git hash: 755a8e02): Copyright (c) 2025 HiGHS under MIT licence terms
Running HiGHS 1.12.0 (git hash: 755a8e02): Copyright (c) 2025 HiGHS under MIT licence terms
Running HiGHS 1.12.0 (git hash: 755a8e02): Copyright (c) 2025 HiGHS under MIT licence terms
Running HiGHS 1.12.0 (git hash: 755a8e02): Copyright (c) 2025 HiGHS under MIT licence terms
Running HiGHS 1.12.0 (git hash: 755a8e02): Copyright (c) 2025 HiGHS under MIT licence terms
Running HiGHS 1.12.0 (git hash: 755a8e02): Copyright (c) 2025 HiGHS under MIT licence terms
Running HiGHS 1.12.0 (git hash: 755a8e02): Copyright (c) 2025 HiGHS under MIT licence terms
Running HiGHS 1.12.0 (git hash: 755a8e02): Copyright (c) 2025 HiGHS under MIT licence terms
Running HiGHS 1.12.0 (git hash: 755a8e02): Copyright (c) 2025 HiGHS under MIT licence terms
Running HiGHS 1.12.0 (git hash: 755a8e02): Copyright (c) 2025 HiGHS under MIT licence terms
Running HiGHS 1.12.0 (git hash: 755a8e02): Copyright (c) 2025 HiGHS under MIT licence terms
Running HiGHS 1.12.0 (git hash: 755a8e02): Copyright (c) 2025 HiGHS under MIT licence terms
Running HiGHS 1.12.0 (git hash: 755a8e02): Copyright (c) 2025 HiGHS under MIT licence terms
Running HiGHS 1.12.0 (git hash: 755a8e02): Copyright (c) 2025 HiGHS under MIT licence terms
Running HiGHS 1.12.0 (git hash: 755a8e02): Copyright (c) 2025 HiGHS under MIT licence terms
Running HiGHS 1.12.0 (git hash: 755a8e02): Copyright (c) 2025 HiGHS under MIT licence terms
Running HiGHS 1.12.0 (git hash: 755a8e02): Copyright (c) 2025 HiGHS under MIT licence terms
Running HiGHS 1.12.0 (git hash: 755a8e02): Copyright (c) 2025 HiGHS under MIT licence terms
Running HiGHS 1.12.0 (git hash: 755a8e02): Copyright (c) 2025 HiGHS under MIT licence terms
Running HiGHS 1.12.0 (git hash: 755a8e02): Copyright (c) 2025 HiGHS under MIT licence terms
Running HiGHS 1.12.0 (git hash: 755a8e02): Copyright (c) 2025 HiGHS under MIT licence terms
Running HiGHS 1.12.0 (git hash: 755a8e02): Copyright (c) 2025 HiGHS under MIT licence terms
Running HiGHS 1.12.0 (git hash: 755a8e02): Copyright (c) 2025 HiGHS under MIT licence terms
Running HiGHS 1.12.0 (git hash: 755a8e02): Copyright (c) 2025 HiGHS under MIT licence terms
Running HiGHS 1.12.0 (git hash: 755a8e02): Copyright (c) 2025 HiGHS under MIT licence terms
Running HiGHS 1.12.0 (git hash: 755a8e02): Copyright (c) 2025 HiGHS under MIT licence terms
Running HiGHS 1.12.0 (git hash: 755a8e02): Copyright (c) 2025 HiGHS under MIT licence terms
Running HiGHS 1.12.0 (git hash: 755a8e02): Copyright (c) 2025 HiGHS under MIT licence terms
Running HiGHS 1.12.0 (git hash: 755a8e02): Copyright (c) 2025 HiGHS under MIT licence terms
Running HiGHS 1.12.0 (git hash: 755a8e02): Copyright (c) 2025 HiGHS under MIT licence terms
Running HiGHS 1.12.0 (git hash: 755a8e02): Copyright (c) 2025 HiGHS under MIT licence terms
Running HiGHS 1.12.0 (git hash: 755a8e02): Copyright (c) 2025 HiGHS under MIT licence terms
Running HiGHS 1.12.0 (git hash: 755a8e02): Copyright (c) 2025 HiGHS under MIT licence terms
Running HiGHS 1.12.0 (git hash: 755a8e02): Copyright (c) 2025 HiGHS under MIT licence terms
Running HiGHS 1.12.0 (git hash: 755a8e02): Copyright (c) 2025 HiGHS under MIT licence terms
Running HiGHS 1.12.0 (git hash: 755a8e02): Copyright (c) 2025 HiGHS under MIT licence terms
Running HiGHS 1.12.0 (git hash: 755a8e02): Copyright (c) 2025 HiGHS under MIT licence terms
Running HiGHS 1.12.0 (git hash: 755a8e02): Copyright (c) 2025 HiGHS under MIT licence terms
Running HiGHS 1.12.0 (git hash: 755a8e02): Copyright (c) 2025 HiGHS under MIT licence terms
Running HiGHS 1.12.0 (git hash: 755a8e02): Copyright (c) 2025 HiGHS under MIT licence terms
Running HiGHS 1.12.0 (git hash: 755a8e02): Copyright (c) 2025 HiGHS under MIT licence terms
Running HiGHS 1.12.0 (git hash: 755a8e02): Copyright (c) 2025 HiGHS under MIT licence terms
Running HiGHS 1.12.0 (git hash: 755a8e02): Copyright (c) 2025 HiGHS under MIT licence terms
Running HiGHS 1.12.0 (git hash: 755a8e02): Copyright (c) 2025 HiGHS under MIT licence terms
Running HiGHS 1.12.0 (git hash: 755a8e02): Copyright (c) 2025 HiGHS under MIT licence terms
Running HiGHS 1.12.0 (git hash: 755a8e02): Copyright (c) 2025 HiGHS under MIT licence terms
Running HiGHS 1.12.0 (git hash: 755a8e02): Copyright (c) 2025 HiGHS under MIT licence terms
Running HiGHS 1.12.0 (git hash: 755a8e02): Copyright (c) 2025 HiGHS under MIT licence terms
Running HiGHS 1.12.0 (git hash: 755a8e02): Copyright (c) 2025 HiGHS under MIT licence terms
Running HiGHS 1.12.0 (git hash: 755a8e02): Copyright (c) 2025 HiGHS under MIT licence terms
Running HiGHS 1.12.0 (git hash: 755a8e02): Copyright (c) 2025 HiGHS under MIT licence terms
Running HiGHS 1.12.0 (git hash: 755a8e02): Copyright (c) 2025 HiGHS under MIT licence terms
Running HiGHS 1.12.0 (git hash: 755a8e02): Copyright (c) 2025 HiGHS under MIT licence terms
Running HiGHS 1.12.0 (git hash: 755a8e02): Copyright (c) 2025 HiGHS under MIT licence terms
Running HiGHS 1.12.0 (git hash: 755a8e02): Copyright (c) 2025 HiGHS under MIT licence terms
Running HiGHS 1.12.0 (git hash: 755a8e02): Copyright (c) 2025 HiGHS under MIT licence terms
Running HiGHS 1.12.0 (git hash: 755a8e02): Copyright (c) 2025 HiGHS under MIT licence terms
Running HiGHS 1.12.0 (git hash: 755a8e02): Copyright (c) 2025 HiGHS under MIT licence terms
Running HiGHS 1.12.0 (git hash: 755a8e02): Copyright (c) 2025 HiGHS under MIT licence terms
Running HiGHS 1.12.0 (git hash: 755a8e02): Copyright (c) 2025 HiGHS under MIT licence terms
Running HiGHS 1.12.0 (git hash: 755a8e02): Copyright (c) 2025 HiGHS under MIT licence terms
Running HiGHS 1.12.0 (git hash: 755a8e02): Copyright (c) 2025 HiGHS under MIT licence terms
Running HiGHS 1.12.0 (git hash: 755a8e02): Copyright (c) 2025 HiGHS under MIT licence terms
Running HiGHS 1.12.0 (git hash: 755a8e02): Copyright (c) 2025 HiGHS under MIT licence terms
Running HiGHS 1.12.0 (git hash: 755a8e02): Copyright (c) 2025 HiGHS under MIT licence terms
Running HiGHS 1.12.0 (git hash: 755a8e02): Copyright (c) 2025 HiGHS under MIT licence terms
Running HiGHS 1.12.0 (git hash: 755a8e02): Copyright (c) 2025 HiGHS under MIT licence terms
Running HiGHS 1.12.0 (git hash: 755a8e02): Copyright (c) 2025 HiGHS under MIT licence terms
Running HiGHS 1.12.0 (git hash: 755a8e02): Copyright (c) 2025 HiGHS under MIT licence terms
Running HiGHS 1.12.0 (git hash: 755a8e02): Copyright (c) 2025 HiGHS under MIT licence terms
Running HiGHS 1.12.0 (git hash: 755a8e02): Copyright (c) 2025 HiGHS under MIT licence terms
Running HiGHS 1.12.0 (git hash: 755a8e02): Copyright (c) 2025 HiGHS under MIT licence terms
Running HiGHS 1.12.0 (git hash: 755a8e02): Copyright (c) 2025 HiGHS under MIT licence terms
Running HiGHS 1.12.0 (git hash: 755a8e02): Copyright (c) 2025 HiGHS under MIT licence terms
Running HiGHS 1.12.0 (git hash: 755a8e02): Copyright (c) 2025 HiGHS under MIT licence terms
Running HiGHS 1.12.0 (git hash: 755a8e02): Copyright (c) 2025 HiGHS under MIT licence terms
Running HiGHS 1.12.0 (git hash: 755a8e02): Copyright (c) 2025 HiGHS under MIT licence terms
Running HiGHS 1.12.0 (git hash: 755a8e02): Copyright (c) 2025 HiGHS under MIT licence terms
Running HiGHS 1.12.0 (git hash: 755a8e02): Copyright (c) 2025 HiGHS under MIT licence terms
Running HiGHS 1.12.0 (git hash: 755a8e02): Copyright (c) 2025 HiGHS under MIT licence terms
Running HiGHS 1.12.0 (git hash: 755a8e02): Copyright (c) 2025 HiGHS under MIT licence terms
Running HiGHS 1.12.0 (git hash: 755a8e02): Copyright (c) 2025 HiGHS under MIT licence terms
Running HiGHS 1.12.0 (git hash: 755a8e02): Copyright (c) 2025 HiGHS under MIT licence terms
Running HiGHS 1.12.0 (git hash: 755a8e02): Copyright (c) 2025 HiGHS under MIT licence terms
Running HiGHS 1.12.0 (git hash: 755a8e02): Copyright (c) 2025 HiGHS under MIT licence terms
Running HiGHS 1.12.0 (git hash: 755a8e02): Copyright (c) 2025 HiGHS under MIT licence terms
Running HiGHS 1.12.0 (git hash: 755a8e02): Copyright (c) 2025 HiGHS under MIT licence terms
Running HiGHS 1.12.0 (git hash: 755a8e02): Copyright (c) 2025 HiGHS under MIT licence terms
Running HiGHS 1.12.0 (git hash: 755a8e02): Copyright (c) 2025 HiGHS under MIT licence terms
Running HiGHS 1.12.0 (git hash: 755a8e02): Copyright (c) 2025 HiGHS under MIT licence terms
Running HiGHS 1.12.0 (git hash: 755a8e02): Copyright (c) 2025 HiGHS under MIT licence terms
Running HiGHS 1.12.0 (git hash: 755a8e02): Copyright (c) 2025 HiGHS under MIT licence terms
=== relaunched after container reboot Sat Oct  3 19:17:11 UTC 2026 (audit resumes at first unfinished seed) ===
Running HiGHS 1.12.0 (git hash: 755a8e02): Copyright (c) 2025 HiGHS under MIT licence terms
Running HiGHS 1.12.0 (git hash: 755a8e02): Copyright (c) 2025 HiGHS under MIT licence terms
Running HiGHS 1.12.0 (git hash: 755a8e02): Copyright (c) 2025 HiGHS under MIT licence terms
Running HiGHS 1.12.0 (git hash: 755a8e02): Copyright (c) 2025 HiGHS under MIT licence terms
Running HiGHS 1.12.0 (git hash: 755a8e02): Copyright (c) 2025 HiGHS under MIT licence terms
Running HiGHS 1.12.0 (git hash: 755a8e02): Copyright (c) 2025 HiGHS under MIT licence terms
Running HiGHS 1.12.0 (git hash: 755a8e02): Copyright (c) 2025 HiGHS under MIT licence terms
Running HiGHS 1.12.0 (git hash: 755a8e02): Copyright (c) 2025 HiGHS under MIT licence terms
Running HiGHS 1.12.0 (git hash: 755a8e02): Copyright (c) 2025 HiGHS under MIT licence terms
Running HiGHS 1.12.0 (git hash: 755a8e02): Copyright (c) 2025 HiGHS under MIT licence terms
Running HiGHS 1.12.0 (git hash: 755a8e02): Copyright (c) 2025 HiGHS under MIT licence terms
Running HiGHS 1.12.0 (git hash: 755a8e02): Copyright (c) 2025 HiGHS under MIT licence terms
Running HiGHS 1.12.0 (git hash: 755a8e02): Copyright (c) 2025 HiGHS under MIT licence terms
Running HiGHS 1.12.0 (git hash: 755a8e02): Copyright (c) 2025 HiGHS under MIT licence terms
Running HiGHS 1.12.0 (git hash: 755a8e02): Copyright (c) 2025 HiGHS under MIT licence terms
Running HiGHS 1.12.0 (git hash: 755a8e02): Copyright (c) 2025 HiGHS under MIT licence terms
Running HiGHS 1.12.0 (git hash: 755a8e02): Copyright (c) 2025 HiGHS under MIT licence terms
Running HiGHS 1.12.0 (git hash: 755a8e02): Copyright (c) 2025 HiGHS under MIT licence terms
Running HiGHS 1.12.0 (git hash: 755a8e02): Copyright (c) 2025 HiGHS under MIT licence terms
Running HiGHS 1.12.0 (git hash: 755a8e02): Copyright (c) 2025 HiGHS under MIT licence terms
Running HiGHS 1.12.0 (git hash: 755a8e02): Copyright (c) 2025 HiGHS under MIT licence terms
Running HiGHS 1.12.0 (git hash: 755a8e02): Copyright (c) 2025 HiGHS under MIT licence terms
Running HiGHS 1.12.0 (git hash: 755a8e02): Copyright (c) 2025 HiGHS under MIT licence terms
Running HiGHS 1.12.0 (git hash: 755a8e02): Copyright (c) 2025 HiGHS under MIT licence terms
Running HiGHS 1.12.0 (git hash: 755a8e02): Copyright (c) 2025 HiGHS under MIT licence terms
Running HiGHS 1.12.0 (git hash: 755a8e02): Copyright (c) 2025 HiGHS under MIT licence terms
Running HiGHS 1.12.0 (git hash: 755a8e02): Copyright (c) 2025 HiGHS under MIT licence terms
Running HiGHS 1.12.0 (git hash: 755a8e02): Copyright (c) 2025 HiGHS under MIT licence terms
Running HiGHS 1.12.0 (git hash: 755a8e02): Copyright (c) 2025 HiGHS under MIT licence terms
Running HiGHS 1.12.0 (git hash: 755a8e02): Copyright (c) 2025 HiGHS under MIT licence terms
Running HiGHS 1.12.0 (git hash: 755a8e02): Copyright (c) 2025 HiGHS under MIT licence terms
Running HiGHS 1.12.0 (git hash: 755a8e02): Copyright (c) 2025 HiGHS under MIT licence terms
Running HiGHS 1.12.0 (git hash: 755a8e02): Copyright (c) 2025 HiGHS under MIT licence terms
Running HiGHS 1.12.0 (git hash: 755a8e02): Copyright (c) 2025 HiGHS under MIT licence terms
Running HiGHS 1.12.0 (git hash: 755a8e02): Copyright (c) 2025 HiGHS under MIT licence terms
Running HiGHS 1.12.0 (git hash: 755a8e02): Copyright (c) 2025 HiGHS under MIT licence terms
Running HiGHS 1.12.0 (git hash: 755a8e02): Copyright (c) 2025 HiGHS under MIT licence terms
Running HiGHS 1.12.0 (git hash: 755a8e02): Copyright (c) 2025 HiGHS under MIT licence terms
Running HiGHS 1.12.0 (git hash: 755a8e02): Copyright (c) 2025 HiGHS under MIT licence terms
Running HiGHS 1.12.0 (git hash: 755a8e02): Copyright (c) 2025 HiGHS under MIT licence terms
Running HiGHS 1.12.0 (git hash: 755a8e02): Copyright (c) 2025 HiGHS under MIT licence terms
Running HiGHS 1.12.0 (git hash: 755a8e02): Copyright (c) 2025 HiGHS under MIT licence terms
Running HiGHS 1.12.0 (git hash: 755a8e02): Copyright (c) 2025 HiGHS under MIT licence terms
Running HiGHS 1.12.0 (git hash: 755a8e02): Copyright (c) 2025 HiGHS under MIT licence terms
Running HiGHS 1.12.0 (git hash: 755a8e02): Copyright (c) 2025 HiGHS under MIT licence terms
Running HiGHS 1.12.0 (git hash: 755a8e02): Copyright (c) 2025 HiGHS under MIT licence terms
Running HiGHS 1.12.0 (git hash: 755a8e02): Copyright (c) 2025 HiGHS under MIT licence terms
Running HiGHS 1.12.0 (git hash: 755a8e02): Copyright (c) 2025 HiGHS under MIT licence terms
Running HiGHS 1.12.0 (git hash: 755a8e02): Copyright (c) 2025 HiGHS under MIT licence terms
Running HiGHS 1.12.0 (git hash: 755a8e02): Copyright (c) 2025 HiGHS under MIT licence terms
Running HiGHS 1.12.0 (git hash: 755a8e02): Copyright (c) 2025 HiGHS under MIT licence terms
Running HiGHS 1.12.0 (git hash: 755a8e02): Copyright (c) 2025 HiGHS under MIT licence terms
Running HiGHS 1.12.0 (git hash: 755a8e02): Copyright (c) 2025 HiGHS under MIT licence terms
Running HiGHS 1.12.0 (git hash: 755a8e02): Copyright (c) 2025 HiGHS under MIT licence terms
Running HiGHS 1.12.0 (git hash: 755a8e02): Copyright (c) 2025 HiGHS under MIT licence terms
Running HiGHS 1.12.0 (git hash: 755a8e02): Copyright (c) 2025 HiGHS under MIT licence terms
Running HiGHS 1.12.0 (git hash: 755a8e02): Copyright (c) 2025 HiGHS under MIT licence terms
Running HiGHS 1.12.0 (git hash: 755a8e02): Copyright (c) 2025 HiGHS under MIT licence terms
Running HiGHS 1.12.0 (git hash: 755a8e02): Copyright (c) 2025 HiGHS under MIT licence terms
Running HiGHS 1.12.0 (git hash: 755a8e02): Copyright (c) 2025 HiGHS under MIT licence terms
Running HiGHS 1.12.0 (git hash: 755a8e02): Copyright (c) 2025 HiGHS under MIT licence terms
Running HiGHS 1.12.0 (git hash: 755a8e02): Copyright (c) 2025 HiGHS under MIT licence terms
Running HiGHS 1.12.0 (git hash: 755a8e02): Copyright (c) 2025 HiGHS under MIT licence terms
Running HiGHS 1.12.0 (git hash: 755a8e02): Copyright (c) 2025 HiGHS under MIT licence terms
Running HiGHS 1.12.0 (git hash: 755a8e02): Copyright (c) 2025 HiGHS under MIT licence terms
Running HiGHS 1.12.0 (git hash: 755a8e02): Copyright (c) 2025 HiGHS under MIT licence terms
Running HiGHS 1.12.0 (git hash: 755a8e02): Copyright (c) 2025 HiGHS under MIT licence terms
Running HiGHS 1.12.0 (git hash: 755a8e02): Copyright (c) 2025 HiGHS under MIT licence terms
Running HiGHS 1.12.0 (git hash: 755a8e02): Copyright (c) 2025 HiGHS under MIT licence terms
Running HiGHS 1.12.0 (git hash: 755a8e02): Copyright (c) 2025 HiGHS under MIT licence terms
Running HiGHS 1.12.0 (git hash: 755a8e02): Copyright (c) 2025 HiGHS under MIT licence terms
Running HiGHS 1.12.0 (git hash: 755a8e02): Copyright (c) 2025 HiGHS under MIT licence terms
Running HiGHS 1.12.0 (git hash: 755a8e02): Copyright (c) 2025 HiGHS under MIT licence terms
Running HiGHS 1.12.0 (git hash: 755a8e02): Copyright (c) 2025 HiGHS under MIT licence terms
Running HiGHS 1.12.0 (git hash: 755a8e02): Copyright (c) 2025 HiGHS under MIT licence terms
Running HiGHS 1.12.0 (git hash: 755a8e02): Copyright (c) 2025 HiGHS under MIT licence terms
Running HiGHS 1.12.0 (git hash: 755a8e02): Copyright (c) 2025 HiGHS under MIT licence terms
Running HiGHS 1.12.0 (git hash: 755a8e02): Copyright (c) 2025 HiGHS under MIT licence terms
Running HiGHS 1.12.0 (git hash: 755a8e02): Copyright (c) 2025 HiGHS under MIT licence terms
Running HiGHS 1.12.0 (git hash: 755a8e02): Copyright (c) 2025 HiGHS under MIT licence terms
Running HiGHS 1.12.0 (git hash: 755a8e02): Copyright (c) 2025 HiGHS under MIT licence terms
Running HiGHS 1.12.0 (git hash: 755a8e02): Copyright (c) 2025 HiGHS under MIT licence terms
Running HiGHS 1.12.0 (git hash: 755a8e02): Copyright (c) 2025 HiGHS under MIT licence terms
Running HiGHS 1.12.0 (git hash: 755a8e02): Copyright (c) 2025 HiGHS under MIT licence terms
Running HiGHS 1.12.0 (git hash: 755a8e02): Copyright (c) 2025 HiGHS under MIT licence terms
Running HiGHS 1.12.0 (git hash: 755a8e02): Copyright (c) 2025 HiGHS under MIT licence terms
Running HiGHS 1.12.0 (git hash: 755a8e02): Copyright (c) 2025 HiGHS under MIT licence terms
Running HiGHS 1.12.0 (git hash: 755a8e02): Copyright (c) 2025 HiGHS under MIT licence terms
Running HiGHS 1.12.0 (git hash: 755a8e02): Copyright (c) 2025 HiGHS under MIT licence terms
Running HiGHS 1.12.0 (git hash: 755a8e02): Copyright (c) 2025 HiGHS under MIT licence terms
Running HiGHS 1.12.0 (git hash: 755a8e02): Copyright (c) 2025 HiGHS under MIT licence terms
Running HiGHS 1.12.0 (git hash: 755a8e02): Copyright (c) 2025 HiGHS under MIT licence terms
Running HiGHS 1.12.0 (git hash: 755a8e02): Copyright (c) 2025 HiGHS under MIT licence terms
Running HiGHS 1.12.0 (git hash: 755a8e02): Copyright (c) 2025 HiGHS under MIT licence terms
Running HiGHS 1.12.0 (git hash: 755a8e02): Copyright (c) 2025 HiGHS under MIT licence terms
Running HiGHS 1.12.0 (git hash: 755a8e02): Copyright (c) 2025 HiGHS under MIT licence terms
Running HiGHS 1.12.0 (git hash: 755a8e02): Copyright (c) 2025 HiGHS under MIT licence terms
Running HiGHS 1.12.0 (git hash: 755a8e02): Copyright (c) 2025 HiGHS under MIT licence terms
Running HiGHS 1.12.0 (git hash: 755a8e02): Copyright (c) 2025 HiGHS under MIT licence terms
Running HiGHS 1.12.0 (git hash: 755a8e02): Copyright (c) 2025 HiGHS under MIT licence terms
Running HiGHS 1.12.0 (git hash: 755a8e02): Copyright (c) 2025 HiGHS under MIT licence terms
Running HiGHS 1.12.0 (git hash: 755a8e02): Copyright (c) 2025 HiGHS under MIT licence terms
Running HiGHS 1.12.0 (git hash: 755a8e02): Copyright (c) 2025 HiGHS under MIT licence terms
Running HiGHS 1.12.0 (git hash: 755a8e02): Copyright (c) 2025 HiGHS under MIT licence terms
Running HiGHS 1.12.0 (git hash: 755a8e02): Copyright (c) 2025 HiGHS under MIT licence terms
Running HiGHS 1.12.0 (git hash: 755a8e02): Copyright (c) 2025 HiGHS under MIT licence terms
Running HiGHS 1.12.0 (git hash: 755a8e02): Copyright (c) 2025 HiGHS under MIT licence terms
Running HiGHS 1.12.0 (git hash: 755a8e02): Copyright (c) 2025 HiGHS under MIT licence terms
Running HiGHS 1.12.0 (git hash: 755a8e02): Copyright (c) 2025 HiGHS under MIT licence terms
Running HiGHS 1.12.0 (git hash: 755a8e02): Copyright (c) 2025 HiGHS under MIT licence terms
Running HiGHS 1.12.0 (git hash: 755a8e02): Copyright (c) 2025 HiGHS under MIT licence terms
Running HiGHS 1.12.0 (git hash: 755a8e02): Copyright (c) 2025 HiGHS under MIT licence terms
Running HiGHS 1.12.0 (git hash: 755a8e02): Copyright (c) 2025 HiGHS under MIT licence terms
Running HiGHS 1.12.0 (git hash: 755a8e02): Copyright (c) 2025 HiGHS under MIT licence terms
Running HiGHS 1.12.0 (git hash: 755a8e02): Copyright (c) 2025 HiGHS under MIT licence terms
Running HiGHS 1.12.0 (git hash: 755a8e02): Copyright (c) 2025 HiGHS under MIT licence terms
Running HiGHS 1.12.0 (git hash: 755a8e02): Copyright (c) 2025 HiGHS under MIT licence terms
Running HiGHS 1.12.0 (git hash: 755a8e02): Copyright (c) 2025 HiGHS under MIT licence terms
Running HiGHS 1.12.0 (git hash: 755a8e02): Copyright (c) 2025 HiGHS under MIT licence terms
Running HiGHS 1.12.0 (git hash: 755a8e02): Copyright (c) 2025 HiGHS under MIT licence terms
Running HiGHS 1.12.0 (git hash: 755a8e02): Copyright (c) 2025 HiGHS under MIT licence terms
Running HiGHS 1.12.0 (git hash: 755a8e02): Copyright (c) 2025 HiGHS under MIT licence terms
Running HiGHS 1.12.0 (git hash: 755a8e02): Copyright (c) 2025 HiGHS under MIT licence terms
Running HiGHS 1.12.0 (git hash: 755a8e02): Copyright (c) 2025 HiGHS under MIT licence terms
Running HiGHS 1.12.0 (git hash: 755a8e02): Copyright (c) 2025 HiGHS under MIT licence terms
Running HiGHS 1.12.0 (git hash: 755a8e02): Copyright (c) 2025 HiGHS under MIT licence terms
Running HiGHS 1.12.0 (git hash: 755a8e02): Copyright (c) 2025 HiGHS under MIT licence terms
Running HiGHS 1.12.0 (git hash: 755a8e02): Copyright (c) 2025 HiGHS under MIT licence terms
Running HiGHS 1.12.0 (git hash: 755a8e02): Copyright (c) 2025 HiGHS under MIT licence terms
Running HiGHS 1.12.0 (git hash: 755a8e02): Copyright (c) 2025 HiGHS under MIT licence terms
Running HiGHS 1.12.0 (git hash: 755a8e02): Copyright (c) 2025 HiGHS under MIT licence terms
Running HiGHS 1.12.0 (git hash: 755a8e02): Copyright (c) 2025 HiGHS under MIT licence terms
Running HiGHS 1.12.0 (git hash: 755a8e02): Copyright (c) 2025 HiGHS under MIT licence terms
Running HiGHS 1.12.0 (git hash: 755a8e02): Copyright (c) 2025 HiGHS under MIT licence terms
Running HiGHS 1.12.0 (git hash: 755a8e02): Copyright (c) 2025 HiGHS under MIT licence terms
Running HiGHS 1.12.0 (git hash: 755a8e02): Copyright (c) 2025 HiGHS under MIT licence terms
Running HiGHS 1.12.0 (git hash: 755a8e02): Copyright (c) 2025 HiGHS under MIT licence terms
Running HiGHS 1.12.0 (git hash: 755a8e02): Copyright (c) 2025 HiGHS under MIT licence terms
Running HiGHS 1.12.0 (git hash: 755a8e02): Copyright (c) 2025 HiGHS under MIT licence terms
Running HiGHS 1.12.0 (git hash: 755a8e02): Copyright (c) 2025 HiGHS under MIT licence terms
Running HiGHS 1.12.0 (git hash: 755a8e02): Copyright (c) 2025 HiGHS under MIT licence terms
Running HiGHS 1.12.0 (git hash: 755a8e02): Copyright (c) 2025 HiGHS under MIT licence terms
Running HiGHS 1.12.0 (git hash: 755a8e02): Copyright (c) 2025 HiGHS under MIT licence terms
Running HiGHS 1.12.0 (git hash: 755a8e02): Copyright (c) 2025 HiGHS under MIT licence terms
Running HiGHS 1.12.0 (git hash: 755a8e02): Copyright (c) 2025 HiGHS under MIT licence terms
Running HiGHS 1.12.0 (git hash: 755a8e02): Copyright (c) 2025 HiGHS under MIT licence terms
Running HiGHS 1.12.0 (git hash: 755a8e02): Copyright (c) 2025 HiGHS under MIT licence terms
ES: collapse_reproduced=True trap=True
