Running HiGHS 1.12.0 (git hash: 755a8e02): Copyright (c) 2025 HiGHS under MIT licence terms
Running HiGHS 1.12.0 (git hash: 755a8e02): Copyright (c) 2025 HiGHS under MIT licence terms
Running HiGHS 1.12.0 (git hash: 755a8e02): Copyright (c) 2025 HiGHS under MIT licence terms
Running HiGHS 1.12.0 (git hash: 755a8e02): Copyright (c) 2025 HiGHS under MIT licence terms
Running HiGHS 1.12.0 (git hash: 755a8e02): Copyright (c) 2025 HiGHS under MIT licence terms
Running HiGHS 1.12.0 (git hash: 755a8e02): Copyright (c) 2025 HiGHS under MIT licence terms
Running HiGHS 1.12.0 (git hash: 755a8e02): Copyright (c) 2025 HiGHS under MIT licence terms
Running HiGHS 1.12.0 (git hash: 755a8e02): Copyright (c) 2025 HiGHS under MIT licence terms
Running HiGHS 1.12.0 (git hash: 755a8e02): Copyright (c) 2025 HiGHS under MIT licence terms
Running HiGHS 1.12.0 (git hash: 755a8e02): Copyright (c) 2025 HiGHS under MIT licence terms
Running HiGHS 1.12.0 (git hash: 755a8e02): Copyright (c) 2025 HiGHS under MIT licence terms
Running HiGHS 1.12.0 (git hash: 755a8e02): Copyright (c) 2025 HiGHS under MIT licence terms
Running HiGHS 1.12.0 (git hash: 755a8e02): Copyright (c) 2025 HiGHS under MIT licence terms
Running HiGHS 1.12.0 (git hash: 755a8e02): Copyright (c) 2025 HiGHS under MIT licence terms
Running HiGHS 1.12.0 (git hash: 755a8e02): Copyright (c) 2025 HiGHS under MIT licence terms
Running HiGHS 1.12.0 (git hash: 755a8e02): Copyright (c) 2025 HiGHS under MIT licence terms
Running HiGHS 1.12.0 (git hash: 755a8e02): Copyright (c) 2025 HiGHS under MIT licence terms
Running HiGHS 1.12.0 (git hash: 755a8e02): Copyright (c) 2025 HiGHS under MIT licence terms
Running HiGHS 1.12.0 (git hash: 755a8e02): Copyright (c) 2025 HiGHS under MIT licence terms
Running HiGHS 1.12.0 (git hash: 755a8e02): Copyright (c) 2025 HiGHS under MIT licence terms
Running HiGHS 1.12.0 (git hash: 755a8e02): Copyright (c) 2025 HiGHS under MIT licence terms
Running HiGHS 1.12.0 (git hash: 755a8e02): Copyright (c) 2025 HiGHS under MIT licence terms
Running HiGHS 1.12.0 (git hash: 755a8e02): Copyright (c) 2025 HiGHS under MIT licence terms
Running HiGHS 1.12.0 (git hash: 755a8e02): Copyright (c) 2025 HiGHS under MIT licence terms
Running HiGHS 1.12.0 (git hash: 755a8e02): Copyright (c) 2025 HiGHS under MIT licence terms
Running HiGHS 1.12.0 (git hash: 755a8e02): Copyright (c) 2025 HiGHS under MIT licence terms
Running HiGHS 1.12.0 (git hash: 755a8e02): Copyright (c) 2025 HiGHS under MIT licence terms
Running HiGHS 1.12.0 (git hash: 755a8e02): Copyright (c) 2025 HiGHS under MIT licence terms
Running HiGHS 1.12.0 (git hash: 755a8e02): Copyright (c) 2025 HiGHS under MIT licence terms
Running HiGHS 1.12.0 (git hash: 755a8e02): Copyright (c) 2025 HiGHS under MIT licence terms
Running HiGHS 1.12.0 (git hash: 755a8e02): Copyright (c) 2025 HiGHS under MIT licence terms
Running HiGHS 1.12.0 (git hash: 755a8e02): Copyright (c) 2025 HiGHS under MIT licence terms
Running HiGHS 1.12.0 (git hash: 755a8e02): Copyright (c) 2025 HiGHS under MIT licence terms
Running HiGHS 1.12.0 (git hash: 755a8e02): Copyright (c) 2025 HiGHS under MIT licence terms
Running HiGHS 1.12.0 (git hash: 755a8e02): Copyright (c) 2025 HiGHS under MIT licence terms
Running HiGHS 1.12.0 (git hash: 755a8e02): Copyright (c) 2025 HiGHS under MIT licence terms
Running HiGHS 1.12.0 (git hash: 755a8e02): Copyright (c) 2025 HiGHS under MIT licence terms
Running HiGHS 1.12.0 (git hash: 755a8e02): Copyright (c) 2025 HiGHS under MIT licence terms
Running HiGHS 1.12.0 (git hash: 755a8e02): Copyright (c) 2025 HiGHS under MIT licence terms
Running HiGHS 1.12.0 (git hash: 755a8e02): Copyright (c) 2025 HiGHS under MIT licence terms
Running HiGHS 1.12.0 (git hash: 755a8e02): Copyright (c) 2025 HiGHS under MIT licence terms
Running HiGHS 1.12.0 (git hash: 755a8e02): Copyright (c) 2025 HiGHS under MIT licence terms
Running HiGHS 1.12.0 (git hash: 755a8e02): Copyright (c) 2025 HiGHS under MIT licence terms
Running HiGHS 1.12.0 (git hash: 755a8e02): Copyright (c) 2025 HiGHS under MIT licence terms
Running HiGHS 1.12.0 (git hash: 755a8e02): Copyright (c) 2025 HiGHS under MIT licence terms
Running HiGHS 1.12.0 (git hash: 755a8e02): Copyright (c) 2025 HiGHS under MIT licence terms
Running HiGHS 1.12.0 (git hash: 755a8e02): Copyright (c) 2025 HiGHS under MIT licence terms
Running HiGHS 1.12.0 (git hash: 755a8e02): Copyright (c) 2025 HiGHS under MIT licence terms
Running HiGHS 1.12.0 (git hash: 755a8e02): Copyright (c) 2025 HiGHS under MIT licence terms
Running HiGHS 1.12.0 (git hash: 755a8e02): Copyright (c) 2025 HiGHS under MIT licence terms
Running HiGHS 1.12.0 (git hash: 755a8e02): Copyright (c) 2025 HiGHS under MIT licence terms
Running HiGHS 1.12.0 (git hash: 755a8e02): Copyright (c) 2025 HiGHS under MIT licence terms
Running HiGHS 1.12.0 (git hash: 755a8e02): Copyright (c) 2025 HiGHS under MIT licence terms
Running HiGHS 1.12.0 (git hash: 755a8e02): Copyright (c) 2025 HiGHS under MIT licence terms
Running HiGHS 1.12.0 (git hash: 755a8e02): Copyright (c) 2025 HiGHS under MIT licence terms
Running HiGHS 1.12.0 (git hash: 755a8e02): Copyright (c) 2025 HiGHS under MIT licence terms
Running HiGHS 1.12.0 (git hash: 755a8e02): Copyright (c) 2025 HiGHS under MIT licence terms
Running HiGHS 1.12.0 (git hash: 755a8e02): Copyright (c) 2025 HiGHS under MIT licence terms
Running HiGHS 1.12.0 (git hash: 755a8e02): Copyright (c) 2025 HiGHS under MIT licence terms
Running HiGHS 1.12.0 (git hash: 755a8e02): Copyright (c) 2025 HiGHS under MIT licence terms
Running HiGHS 1.12.0 (git hash: 755a8e02): Copyright (c) 2025 HiGHS under MIT licence terms
Running HiGHS 1.12.0 (git hash: 755a8e02): Copyright (c) 2025 HiGHS under MIT licence terms
Running HiGHS 1.12.0 (git hash: 755a8e02): Copyright (c) 2025 HiGHS under MIT licence terms
Running HiGHS 1.12.0 (git hash: 755a8e02): Copyright (c) 2025 HiGHS under MIT licence terms
Running HiGHS 1.12.0 (git hash: 755a8e02): Copyright (c) 2025 HiGHS under MIT licence terms
Running HiGHS 1.12.0 (git hash: 755a8e02): Copyright (c) 2025 HiGHS under MIT licence terms
Running HiGHS 1.12.0 (git hash: 755a8e02): Copyright (c) 2025 HiGHS under MIT licence terms
Running HiGHS 1.12.0 (git hash: 755a8e02): Copyright (c) 2025 HiGHS under MIT licence terms
Running HiGHS 1.12.0 (git hash: 755a8e02): Copyright (c) 2025 HiGHS under MIT licence terms
Running HiGHS 1.12.0 (git hash: 755a8e02): Copyright (c) 2025 HiGHS under MIT licence terms
Running HiGHS 1.12.0 (git hash: 755a8e02): Copyright (c) 2025 HiGHS under MIT licence terms
Running HiGHS 1.12.0 (git hash: 755a8e02): Copyright (c) 2025 HiGHS under MIT licence terms
Running HiGHS 1.12.0 (git hash: 755a8e02): Copyright (c) 2025 HiGHS under MIT licence terms
Running HiGHS 1.12.0 (git hash: 755a8e02): Copyright (c) 2025 HiGHS under MIT licence terms
Running HiGHS 1.12.0 (git hash: 755a8e02): Copyright (c) 2025 HiGHS under MIT licence terms
Running HiGHS 1.12.0 (git hash: 755a8e02): Copyright (c) 2025 HiGHS under MIT licence terms
Running HiGHS 1.12.0 (git hash: 755a8e02): Copyright (c) 2025 HiGHS under MIT licence terms
Running HiGHS 1.12.0 (git hash: 755a8e02): Copyright (c) 2025 HiGHS under MIT licence terms
Running HiGHS 1.12.0 (git hash: 755a8e02): Copyright (c) 2025 HiGHS under MIT licence terms
Running HiGHS 1.12.0 (git hash: 755a8e02): Copyright (c) 2025 HiGHS under MIT licence terms
Running HiGHS 1.12.0 (git hash: 755a8e02): Copyright (c) 2025 HiGHS under MIT licence terms
Running HiGHS 1.12.0 (git hash: 755a8e02): Copyright (c) 2025 HiGHS under MIT licence terms
Running HiGHS 1.12.0 (git hash: 755a8e02): Copyright (c) 2025 HiGHS under MIT licence terms
Running HiGHS 1.12.0 (git hash: 755a8e02): Copyright (c) 2025 HiGHS under MIT licence terms
Running HiGHS 1.12.0 (git hash: 755a8e02): Copyright (c) 2025 HiGHS under MIT licence terms
Running HiGHS 1.12.0 (git hash: 755a8e02): Copyright (c) 2025 HiGHS under MIT licence terms
Running HiGHS 1.12.0 (git hash: 755a8e02): Copyright (c) 2025 HiGHS under MIT licence terms
Running HiGHS 1.12.0 (git hash: 755a8e02): Copyright (c) 2025 HiGHS under MIT licence terms
Running HiGHS 1.12.0 (git hash: 755a8e02): Copyright (c) 2025 HiGHS under MIT licence terms
Running HiGHS 1.12.0 (git hash: 755a8e02): Copyright (c) 2025 HiGHS under MIT licence terms
Running HiGHS 1.12.0 (git hash: 755a8e02): Copyright (c) 2025 HiGHS under MIT licence terms
Running HiGHS 1.12.0 (git hash: 755a8e02): Copyright (c) 2025 HiGHS under MIT licence terms
Running HiGHS 1.12.0 (git hash: 755a8e02): Copyright (c) 2025 HiGHS under MIT licence terms
Running HiGHS 1.12.0 (git hash: 755a8e02): Copyright (c) 2025 HiGHS under MIT licence terms
Running HiGHS 1.12.0 (git hash: 755a8e02): Copyright (c) 2025 HiGHS under MIT licence terms
Running HiGHS 1.12.0 (git hash: 755a8e02): Copyright (c) 2025 HiGHS under MIT licence terms
Running HiGHS 1.12.0 (git hash: 755a8e02): Copyright (c) 2025 HiGHS under MIT licence terms
Running HiGHS 1.12.0 (git hash: 755a8e02): Copyright (c) 2025 HiGHS under MIT licence terms
Running HiGHS 1.12.0 (git hash: 755a8e02): Copyright (c) 2025 HiGHS under MIT licence terms
Running HiGHS 1.12.0 (git hash: 755a8e02): Copyright (c) 2025 HiGHS under MIT licence terms
Running HiGHS 1.12.0 (git hash: 755a8e02): Copyright (c) 2025 HiGHS under MIT licence terms
Running HiGHS 1.12.0 (git hash: 755a8e02): Copyright (c) 2025 HiGHS under MIT licence terms
Running HiGHS 1.12.0 (git hash: 755a8e02): Copyright (c) 2025 HiGHS under MIT licence terms
Running HiGHS 1.12.0 (git hash: 755a8e02): Copyright (c) 2025 HiGHS under MIT licence terms
Running HiGHS 1.12.0 (git hash: 755a8e02): Copyright (c) 2025 HiGHS under MIT licence terms
Running HiGHS 1.12.0 (git hash: 755a8e02): Copyright (c) 2025 HiGHS under MIT licence terms
Running HiGHS 1.12.0 (git hash: 755a8e02): Copyright (c) 2025 HiGHS under MIT licence terms
Running HiGHS 1.12.0 (git hash: 755a8e02): Copyright (c) 2025 HiGHS under MIT licence terms
Running HiGHS 1.12.0 (git hash: 755a8e02): Copyright (c) 2025 HiGHS under MIT licence terms
Running HiGHS 1.12.0 (git hash: 755a8e02): Copyright (c) 2025 HiGHS under MIT licence terms
Running HiGHS 1.12.0 (git hash: 755a8e02): Copyright (c) 2025 HiGHS under MIT licence terms
Running HiGHS 1.12.0 (git hash: 755a8e02): Copyright (c) 2025 HiGHS under MIT licence terms
Running HiGHS 1.12.0 (git hash: 755a8e02): Copyright (c) 2025 HiGHS under MIT licence terms
Running HiGHS 1.12.0 (git hash: 755a8e02): Copyright (c) 2025 HiGHS under MIT licence terms
Running HiGHS 1.12.0 (git hash: 755a8e02): Copyright (c) 2025 HiGHS under MIT licence terms
Running HiGHS 1.12.0 (git hash: 755a8e02): Copyright (c) 2025 HiGHS under MIT licence terms
Running HiGHS 1.12.0 (git hash: 755a8e02): Copyright (c) 2025 HiGHS under MIT licence terms
Running HiGHS 1.12.0 (git hash: 755a8e02): Copyright (c) 2025 HiGHS under MIT licence terms
Running HiGHS 1.12.0 (git hash: 755a8e02): Copyright (c) 2025 HiGHS under MIT licence terms
Running HiGHS 1.12.0 (git hash: 755a8e02): Copyright (c) 2025 HiGHS under MIT licence terms
Running HiGHS 1.12.0 (git hash: 755a8e02): Copyright (c) 2025 HiGHS under MIT licence terms
Running HiGHS 1.12.0 (git hash: 755a8e02): Copyright (c) 2025 HiGHS under MIT licence terms
Running HiGHS 1.12.0 (git hash: 755a8e02): Copyright (c) 2025 HiGHS under MIT licence terms
Running HiGHS 1.12.0 (git hash: 755a8e02): Copyright (c) 2025 HiGHS under MIT licence terms
Running HiGHS 1.12.0 (git hash: 755a8e02): Copyright (c) 2025 HiGHS under MIT licence terms
Running HiGHS 1.12.0 (git hash: 755a8e02): Copyright (c) 2025 HiGHS under MIT licence terms
Running HiGHS 1.12.0 (git hash: 755a8e02): Copyright (c) 2025 HiGHS under MIT licence terms
Running HiGHS 1.12.0 (git hash: 755a8e02): Copyright (c) 2025 HiGHS under MIT licence terms
Running HiGHS 1.12.0 (git hash: 755a8e02): Copyright (c) 2025 HiGHS under MIT licence terms
Running HiGHS 1.12.0 (git hash: 755a8e02): Copyright (c) 2025 HiGHS under MIT licence terms
Running HiGHS 1.12.0 (git hash: 755a8e02): Copyright (c) 2025 HiGHS under MIT licence terms
Running HiGHS 1.12.0 (git hash: 755a8e02): Copyright (c) 2025 HiGHS under MIT licence terms
Running HiGHS 1.12.0 (git hash: 755a8e02): Copyright (c) 2025 HiGHS under MIT licence terms
Running HiGHS 1.12.0 (git hash: 755a8e02): Copyright (c) 2025 HiGHS under MIT licence terms
Running HiGHS 1.12.0 (git hash: 755a8e02): Copyright (c) 2025 HiGHS under MIT licence terms
Running HiGHS 1.12.0 (git hash: 755a8e02): Copyright (c) 2025 HiGHS under MIT licence terms
Running HiGHS 1.12.0 (git hash: 755a8e02): Copyright (c) 2025 HiGHS under MIT licence terms
Running HiGHS 1.12.0 (git hash: 755a8e02): Copyright (c) 2025 HiGHS under MIT licence terms
Running HiGHS 1.12.0 (git hash: 755a8e02): Copyright (c) 2025 HiGHS under MIT licence terms
Running HiGHS 1.12.0 (git hash: 755a8e02): Copyright (c) 2025 HiGHS under MIT licence terms
Running HiGHS 1.12.0 (git hash: 755a8e02): Copyright (c) 2025 HiGHS under MIT licence terms
Running HiGHS 1.12.0 (git hash: 755a8e02): Copyright (c) 2025 HiGHS under MIT licence terms
Running HiGHS 1.12.0 (git hash: 755a8e02): Copyright (c) 2025 HiGHS under MIT licence terms
Running HiGHS 1.12.0 (git hash: 755a8e02): Copyright (c) 2025 HiGHS under MIT licence terms
Running HiGHS 1.12.0 (git hash: 755a8e02): Copyright (c) 2025 HiGHS under MIT licence terms
Running HiGHS 1.12.0 (git hash: 755a8e02): Copyright (c) 2025 HiGHS under MIT licence terms
Running HiGHS 1.12.0 (git hash: 755a8e02): Copyright (c) 2025 HiGHS under MIT licence terms
heldout_evaluated: PASS
exploitability: FAIL
oracle_gap_recorded: PASS
jax_parity: PASS
price_sensitivity: PASS
hygiene: PASS
